slurmstepd-west7: error: *** STEP 180677.0 ON west7 CANCELLED AT 2025-01-18T18:22:12 DUE TO TIME LIMIT ***
slurmstepd-west7: error: *** JOB 180677 ON west7 CANCELLED AT 2025-01-18T18:22:12 DUE TO TIME LIMIT ***
srun: Job step aborted: Waiting up to 32 seconds for job step to finish.
srun: got SIGCONT
[proxy:0:3@west10] HYD_pmcd_pmip_control_cmd_cb (pm/pmiserv/pmip_cb.c:899): assert (!closed) failed
[proxy:0:3@west10] HYDT_dmxu_poll_wait_for_event (tools/demux/demux_poll.c:76): callback returned error status
[proxy:0:3@west10] main (pm/pmiserv/pmip.c:169): demux engine error waiting for event
[proxy:0:2@west9] HYD_pmcd_pmip_control_cmd_cb (pm/pmiserv/pmip_cb.c:899): assert (!closed) failed
[proxy:0:2@west9] HYDT_dmxu_poll_wait_for_event (tools/demux/demux_poll.c:76): callback returned error status
[proxy:0:2@west9] main (pm/pmiserv/pmip.c:169): demux engine error waiting for event
[proxy:0:0@west7] HYDU_sock_write (utils/sock/sock.c:254): write error (Broken pipe)
[proxy:0:0@west7] main (pm/pmiserv/pmip.c:248): unable to return exit status upstream
[mpiexec@west7] HYDU_sock_write (utils/sock/sock.c:254): write error (Bad file descriptor)
[mpiexec@west7] HYD_pmcd_pmiserv_send_signal (pm/pmiserv/pmiserv_cb.c:176): unable to write data to proxy
[mpiexec@west7] ui_cmd_cb (pm/pmiserv/pmiserv_pmci.c:42): unable to send signal downstream
[mpiexec@west7] HYDT_dmxu_poll_wait_for_event (tools/demux/demux_poll.c:76): callback returned error status
[mpiexec@west7] HYDT_bscu_wait_for_completion (tools/bootstrap/utils/bscu_wait.c:59): error waiting for event
[mpiexec@west7] HYDT_bsci_wait_for_completion (tools/bootstrap/src/bsci_wait.c:21): launcher returned error waiting for completion
[mpiexec@west7] HYD_pmci_wait_for_completion (pm/pmiserv/pmiserv_pmci.c:179): launcher returned error waiting for completion
[mpiexec@west7] main (ui/mpich/mpiexec.c:325): process manager error waiting for completion
