srun: Warning: can't honor --ntasks-per-node set to 2 which doesn't match the requested tasks 4 with the number of requested nodes 4. Ignoring --ntasks-per-node.
srun: Job step aborted: Waiting up to 32 seconds for job step to finish.
slurmstepd-west5: error: *** STEP 180672.0 ON west5 CANCELLED AT 2025-01-18T14:24:42 DUE TO TIME LIMIT ***
slurmstepd-west5: error: *** JOB 180672 ON west5 CANCELLED AT 2025-01-18T14:24:42 DUE TO TIME LIMIT ***
[proxy:0:0@west5] HYD_pmcd_pmip_control_cmd_cb (pm/pmiserv/pmip_cb.c:899): assert (!closed) failed
[proxy:0:0@west5] HYDT_dmxu_poll_wait_for_event (tools/demux/demux_poll.c:76): callback returned error status
[proxy:0:0@west5] main (pm/pmiserv/pmip.c:169): demux engine error waiting for event
[proxy:0:1@west6] HYD_pmcd_pmip_control_cmd_cb (pm/pmiserv/pmip_cb.c:899): assert (!closed) failed
[proxy:0:1@west6] HYDT_dmxu_poll_wait_for_event (tools/demux/demux_poll.c:76): callback returned error status
[proxy:0:1@west6] main (pm/pmiserv/pmip.c:169): demux engine error waiting for event
[proxy:0:3@west10] HYD_pmcd_pmip_control_cmd_cb (pm/pmiserv/pmip_cb.c:899): assert (!closed) failed
[proxy:0:3@west10] HYDT_dmxu_poll_wait_for_event (tools/demux/demux_poll.c:76): callback returned error status
[proxy:0:3@west10] main (pm/pmiserv/pmip.c:169): demux engine error waiting for event
srun: got SIGCONT
[mpiexec@west5] HYDU_sock_write (utils/sock/sock.c:254): write error (Bad file descriptor)
[mpiexec@west5] HYD_pmcd_pmiserv_send_signal (pm/pmiserv/pmiserv_cb.c:176): unable to write data to proxy
[mpiexec@west5] ui_cmd_cb (pm/pmiserv/pmiserv_pmci.c:42): unable to send signal downstream
[mpiexec@west5] HYDT_dmxu_poll_wait_for_event (tools/demux/demux_poll.c:76): callback returned error status
[mpiexec@west5] HYDT_bscu_wait_for_completion (tools/bootstrap/utils/bscu_wait.c:59): error waiting for event
[mpiexec@west5] HYDT_bsci_wait_for_completion (tools/bootstrap/src/bsci_wait.c:21): launcher returned error waiting for completion
[mpiexec@west5] HYD_pmci_wait_for_completion (pm/pmiserv/pmiserv_pmci.c:179): launcher returned error waiting for completion
[mpiexec@west5] main (ui/mpich/mpiexec.c:325): process manager error waiting for completion
